// Jest Snapshot v1, https://goo.gl/fbAQLP

exports[`renders UI brews page 1`] = `
<Fragment>
  <Navbar />
  <WithStyles(ForwardRef(Grid))
    className="makeStyles-gridContainer-1"
    container={true}
    justify="center"
    spacing={4}
  />
  <NewShot
    className="makeStyles-addButton-3"
    setBrewsList={[Function]}
  />
</Fragment>
`;
